     1                                  
     2                                  BOOT_LOAD   equ     0x7C00
     3                                  ORG         BOOT_LOAD
     4                                  
     5                                  %include    "../include/macro.s"
     6                              <1> %macro  cdecl 1-*.nolist
     7                              <1> 
     8                              <1>     %rep %0 - 1
     9                              <1>         push    %{-1:-1}
    10                              <1>         %rotate -1
    11                              <1>     %endrep
    12                              <1>     %rotate -1
    13                              <1>     call    %1
    14                              <1> 
    15                              <1>     %if 1 < %0
    16                              <1>         add     sp, (__BITS__ >> 3) * (%0 - 1)
    17                              <1>     %endif
    18                              <1> %endmacro
     6                                  entry:
     7 00000000 EB58                        jmp     ipl
     8                                  
     9 00000002 90<rep 58h>                 times   90 - ($ - $$) db 0x90
    10                                  
    11                                  ipl:
    12 0000005A FA                          cli
    13 0000005B B80000                      mov     ax, 0x0000
    14 0000005E 8ED8                        mov     ds, ax
    15 00000060 8EC0                        mov     es, ax
    16 00000062 8ED0                        mov     ss, ax
    17 00000064 BC007C                      mov     sp, BOOT_LOAD
    18 00000067 FB                          sti
    19 00000068 8816[E000]                  mov     [BOOT.DRIVE], dl
    20                                  
    21 0000006C 68[C800]E8850083C4-         cdecl   puts, .s0
    21 00000074 02                 
    22                                  
    23 00000075 6A016A0A6A0868-             cdecl   itoa, 8086, .s1, 8, 10, 0b0001
    23 0000007C [D500]68961FE89200-
    23 00000084 83C40A             
    24 00000087 68[D500]E86A0083C4-         cdecl   puts, .s1
    24 0000008F 02                 
    25                                  
    26 00000090 6A036A0A6A0868-             cdecl   itoa, 8086, .s1, 8, 10, 0b0011
    26 00000097 [D500]68961FE87700-
    26 0000009F 83C40A             
    27 000000A2 68[D500]E84F0083C4-         cdecl   puts, .s1
    27 000000AA 02                 
    28                                  
    29 000000AB 6A036A0A6A0868-             cdecl   itoa, -8086, .s1, 8, 10, 0b0011
    29 000000B2 [D500]686AE0E85C00-
    29 000000BA 83C40A             
    30 000000BD 68[D500]E8340083C4-         cdecl   puts, .s1
    30 000000C5 02                 
    31                                      
    32 000000C6 EBFE                        jmp     $
    33                                  
    34 000000C8 426F6F74696E672E2E-     .s0 db  "Booting...", 0x0A, 0x0D, 0
    34 000000D1 2E0A0D00           
    35 000000D5 2D2D2D2D2D2D2D2D0A-     .s1 db  "--------", 0x0A, 0x0D, 0
    35 000000DE 0D00               
    36                                  
    37                                  ALIGN 2, db 0
    38                                  BOOT:
    39 000000E0 0000                    .DRIVE:     dw  0
    40                                  
    41                                  %include    "../modules/real/putc.s"
    42                              <1> putc:
    43 000000E2 55                  <1>     push    bp
    44 000000E3 89E5                <1>     mov     bp, sp
    45                              <1> 
    46 000000E5 50                  <1>     push    ax
    47 000000E6 53                  <1>     push    bx
    48                              <1> 
    49 000000E7 8A4604              <1>     mov     al, [bp + 4]
    50 000000EA B40E                <1>     mov     ah, 0x0E
    51 000000EC BB0000              <1>     mov     bx, 0x0000
    52 000000EF CD10                <1>     int     0x10
    53                              <1> 
    54 000000F1 5B                  <1>     pop     bx
    55 000000F2 58                  <1>     pop     ax
    56                              <1> 
    57 000000F3 89EC                <1>     mov     sp, bp
    58 000000F5 5D                  <1>     pop     bp
    59                              <1> 
    60 000000F6 C3                  <1>     ret
    42                                  %include    "../modules/real/puts.s"
    43                              <1> puts:
    44 000000F7 55                  <1>     push    bp
    45 000000F8 89E5                <1>     mov     bp, sp
    46 000000FA 50                  <1>     push    ax
    47 000000FB 53                  <1>     push    bx
    48 000000FC 56                  <1>     push    si
    49                              <1> 
    50 000000FD 8B7604              <1>     mov     si, [bp + 4]
    51                              <1> 
    52 00000100 B40E                <1>     mov     ah, 0x0E
    53 00000102 BB0000              <1>     mov     bx, 0x0000
    54 00000105 FC                  <1>     cld
    55                              <1> 
    56                              <1> .10L:
    57 00000106 AC                  <1>     lodsb
    58 00000107 3C00                <1>     cmp     al, 0
    59 00000109 7404                <1>     je      .10E
    60                              <1> 
    61 0000010B CD10                <1>     int     0x10
    62 0000010D EBF7                <1>     jmp     .10L
    63                              <1> 
    64                              <1> .10E:
    65 0000010F 5E                  <1>     pop     si
    66 00000110 5B                  <1>     pop     bx
    67 00000111 58                  <1>     pop     ax
    68                              <1> 
    69 00000112 89EC                <1>     mov     sp, bp
    70 00000114 5D                  <1>     pop     bp
    71                              <1> 
    72 00000115 C3                  <1>     ret
    43                                  %include    "../modules/real/itoa.s"
    44                              <1> itoa:
    45 00000116 55                  <1>     push    bp
    46 00000117 89E5                <1>     mov     bp, sp
    47 00000119 50                  <1>     push    ax
    48 0000011A 53                  <1>     push    bx
    49 0000011B 51                  <1>     push    cx
    50 0000011C 52                  <1>     push    dx
    51 0000011D 56                  <1>     push    si
    52 0000011E 57                  <1>     push    di
    53                              <1> 
    54 0000011F 8B4604              <1>     mov     ax, [bp + 4]
    55 00000122 8B7606              <1>     mov     si, [bp + 6]
    56 00000125 8B4E08              <1>     mov     cx, [bp + 8]
    57                              <1> 
    58 00000128 89F7                <1>     mov     di, si
    59 0000012A 01CF                <1>     add     di, cx
    60 0000012C 4F                  <1>     dec     di
    61                              <1> 
    62 0000012D 8B5E0C              <1>     mov     bx, word [bp + 12]
    63                              <1> 
    64 00000130 F7C30100            <1>     test    bx, 0b0001
    65                              <1> .10Q:
    66 00000134 7408                <1>     je      .10E
    67 00000136 83F800              <1>     cmp     ax, 0
    68                              <1> .12Q:
    69 00000139 7D03                <1>     jge     .12E
    70 0000013B 83CB02              <1>     or      bx, 0b0010
    71                              <1> .12E:
    72                              <1> .10E:
    73                              <1> 
    74 0000013E F7C30200            <1>     test    bx, 0b0010
    75                              <1> .20Q:
    76 00000142 7410                <1>     je      .20E
    77 00000144 83F800              <1>     cmp     ax, 0
    78                              <1> .22Q:
    79 00000147 7D07                <1>     jge     .22F
    80 00000149 F7D8                <1>     neg     ax
    81 0000014B C6042D              <1>     mov     [si], byte '-'
    82 0000014E EB03                <1>     jmp     .22E
    83                              <1> .22F:
    84 00000150 C6042B              <1>     mov     [si], byte '+'
    85                              <1> .22E:
    86 00000153 49                  <1>     dec     cx
    87                              <1> .20E:
    88 00000154 8B5E0A              <1>     mov     bx, [bp + 10]
    89                              <1> .30L:
    90 00000157 BA0000              <1>     mov     dx, 0
    91 0000015A F7F3                <1>     div     bx
    92 0000015C 89D6                <1>     mov     si, dx
    93 0000015E 8A94[8601]          <1>     mov     dl, byte [.ascii+si]
    94 00000162 8815                <1>     mov     [di], dl
    95 00000164 4F                  <1>     dec     di
    96                              <1> 
    97 00000165 83F800              <1>     cmp     ax, 0
    98 00000168 E0ED                <1>     loopnz  .30L
    99                              <1> .30E:
   100                              <1> 
   101 0000016A 83F900              <1>     cmp     cx, 0
   102                              <1> .40Q:
   103 0000016D 740D                <1>     je      .40E
   104 0000016F B020                <1>     mov     al, ' '
   105 00000171 837E0C04            <1>     cmp     [bp + 12], word 0b0100
   106                              <1> .42Q:
   107 00000175 7502                <1>     jne     .42E
   108 00000177 B000                <1>     mov     al, 0
   109                              <1> .42E:
   110 00000179 FD                  <1>     std
   111 0000017A F3AA                <1>     rep     stosb
   112                              <1> .40E:
   113 0000017C 5F                  <1>     pop     di
   114 0000017D 5E                  <1>     pop     si
   115 0000017E 5A                  <1>     pop     dx
   116 0000017F 59                  <1>     pop     cx
   117 00000180 5B                  <1>     pop     bx
   118 00000181 58                  <1>     pop     ax
   119                              <1> 
   120 00000182 89EC                <1>     mov     sp, bp
   121 00000184 5D                  <1>     pop     bp
   122                              <1> 
   123 00000185 C3                  <1>     ret
   124                              <1> 
   125 00000186 303132333435363738- <1> .ascii  db  "0123456789ABCDEF"
   125 0000018F 39414243444546      <1>
    44                                  
    45 00000196 00<rep 68h>                 times   510 - ($ - $$) db 0x00
    46 000001FE 55AA                        db      0x55, 0xAA
    47                                  
    48                                      
