     1                                  
     2                                  BOOT_LOAD   equ     0x7C00
     3                                  ORG         BOOT_LOAD
     4                                  
     5                                  %include    "../include/macro.s"
     6                              <1> %macro  cdecl 1-*.nolist
     7                              <1> 
     8                              <1>     %rep %0 - 1
     9                              <1>         push    %{-1:-1}
    10                              <1>         %rotate -1
    11                              <1>     %endrep
    12                              <1>     %rotate -1
    13                              <1>     call    %1
    14                              <1> 
    15                              <1>     %if 1 < %0
    16                              <1>         add     sp, (__BITS__ >> 3) * (%0 - 1)
    17                              <1>     %endif
    18                              <1> %endmacro
     6                                  entry:
     7 00000000 EB58                        jmp     ipl
     8                                  
     9 00000002 90<rep 58h>                 times   90 - ($ - $$) db 0x90
    10                                  
    11                                  ipl:
    12 0000005A FA                          cli
    13 0000005B B80000                      mov     ax, 0x0000
    14 0000005E 8ED8                        mov     ds, ax
    15 00000060 8EC0                        mov     es, ax
    16 00000062 8ED0                        mov     ss, ax
    17 00000064 BC007C                      mov     sp, BOOT_LOAD
    18 00000067 FB                          sti
    19 00000068 8816[E400]                  mov     [BOOT.DRIVE], dl
    20                                  
    21 0000006C 68[CB00]E8890083C4-         cdecl   puts, .s0
    21 00000074 02                 
    22                                  
    23 00000075 6A016A0A6A0868-             cdecl   itoa, 8086, .s1, 8, 10, 0b0001
    23 0000007C [D800]68961FE89600-
    23 00000084 83C40A             
    24 00000087 68[D800]E86E0083C4-         cdecl   puts, .s1
    24 0000008F 02                 
    25                                  
    26 00000090 6A036A0A6A0868-             cdecl   itoa, 8086, .s1, 8, 10, 0b0011
    26 00000097 [D800]68961FE87B00-
    26 0000009F 83C40A             
    27 000000A2 68[D800]E8530083C4-         cdecl   puts, .s1
    27 000000AA 02                 
    28                                  
    29 000000AB 6A036A0A6A0868-             cdecl   itoa, -8086, .s1, 8, 10, 0b0011
    29 000000B2 [D800]686AE0E86000-
    29 000000BA 83C40A             
    30 000000BD 68[D800]E8380083C4-         cdecl   puts, .s1
    30 000000C5 02                 
    31                                  
    32 000000C6 E8D100                      cdecl   reboot
    33                                      
    34 000000C9 EBFE                        jmp     $
    35                                  
    36 000000CB 426F6F74696E672E2E-     .s0 db  "Booting...", 0x0A, 0x0D, 0
    36 000000D4 2E0A0D00           
    37 000000D8 2D2D2D2D2D2D2D2D0A-     .s1 db  "--------", 0x0A, 0x0D, 0
    37 000000E1 0D00               
    38                                  
    39 000000E3 00                      ALIGN 2, db 0
    40                                  BOOT:
    41 000000E4 0000                    .DRIVE:     dw  0
    42                                  
    43                                  %include    "../modules/real/putc.s"
    44                              <1> putc:
    45 000000E6 55                  <1>     push    bp
    46 000000E7 89E5                <1>     mov     bp, sp
    47                              <1> 
    48 000000E9 50                  <1>     push    ax
    49 000000EA 53                  <1>     push    bx
    50                              <1> 
    51 000000EB 8A4604              <1>     mov     al, [bp + 4]
    52 000000EE B40E                <1>     mov     ah, 0x0E
    53 000000F0 BB0000              <1>     mov     bx, 0x0000
    54 000000F3 CD10                <1>     int     0x10
    55                              <1> 
    56 000000F5 5B                  <1>     pop     bx
    57 000000F6 58                  <1>     pop     ax
    58                              <1> 
    59 000000F7 89EC                <1>     mov     sp, bp
    60 000000F9 5D                  <1>     pop     bp
    61                              <1> 
    62 000000FA C3                  <1>     ret
    44                                  %include    "../modules/real/puts.s"
    45                              <1> puts:
    46 000000FB 55                  <1>     push    bp
    47 000000FC 89E5                <1>     mov     bp, sp
    48 000000FE 50                  <1>     push    ax
    49 000000FF 53                  <1>     push    bx
    50 00000100 56                  <1>     push    si
    51                              <1> 
    52 00000101 8B7604              <1>     mov     si, [bp + 4]
    53                              <1> 
    54 00000104 B40E                <1>     mov     ah, 0x0E
    55 00000106 BB0000              <1>     mov     bx, 0x0000
    56 00000109 FC                  <1>     cld
    57                              <1> 
    58                              <1> .10L:
    59 0000010A AC                  <1>     lodsb
    60 0000010B 3C00                <1>     cmp     al, 0
    61 0000010D 7404                <1>     je      .10E
    62                              <1> 
    63 0000010F CD10                <1>     int     0x10
    64 00000111 EBF7                <1>     jmp     .10L
    65                              <1> 
    66                              <1> .10E:
    67 00000113 5E                  <1>     pop     si
    68 00000114 5B                  <1>     pop     bx
    69 00000115 58                  <1>     pop     ax
    70                              <1> 
    71 00000116 89EC                <1>     mov     sp, bp
    72 00000118 5D                  <1>     pop     bp
    73                              <1> 
    74 00000119 C3                  <1>     ret
    45                                  %include    "../modules/real/itoa.s"
    46                              <1> itoa:
    47 0000011A 55                  <1>     push    bp
    48 0000011B 89E5                <1>     mov     bp, sp
    49 0000011D 50                  <1>     push    ax
    50 0000011E 53                  <1>     push    bx
    51 0000011F 51                  <1>     push    cx
    52 00000120 52                  <1>     push    dx
    53 00000121 56                  <1>     push    si
    54 00000122 57                  <1>     push    di
    55                              <1> 
    56 00000123 8B4604              <1>     mov     ax, [bp + 4]
    57 00000126 8B7606              <1>     mov     si, [bp + 6]
    58 00000129 8B4E08              <1>     mov     cx, [bp + 8]
    59                              <1> 
    60 0000012C 89F7                <1>     mov     di, si
    61 0000012E 01CF                <1>     add     di, cx
    62 00000130 4F                  <1>     dec     di
    63                              <1> 
    64 00000131 8B5E0C              <1>     mov     bx, word [bp + 12]
    65                              <1> 
    66 00000134 F7C30100            <1>     test    bx, 0b0001
    67                              <1> .10Q:
    68 00000138 7408                <1>     je      .10E
    69 0000013A 83F800              <1>     cmp     ax, 0
    70                              <1> .12Q:
    71 0000013D 7D03                <1>     jge     .12E
    72 0000013F 83CB02              <1>     or      bx, 0b0010
    73                              <1> .12E:
    74                              <1> .10E:
    75                              <1> 
    76 00000142 F7C30200            <1>     test    bx, 0b0010
    77                              <1> .20Q:
    78 00000146 7410                <1>     je      .20E
    79 00000148 83F800              <1>     cmp     ax, 0
    80                              <1> .22Q:
    81 0000014B 7D07                <1>     jge     .22F
    82 0000014D F7D8                <1>     neg     ax
    83 0000014F C6042D              <1>     mov     [si], byte '-'
    84 00000152 EB03                <1>     jmp     .22E
    85                              <1> .22F:
    86 00000154 C6042B              <1>     mov     [si], byte '+'
    87                              <1> .22E:
    88 00000157 49                  <1>     dec     cx
    89                              <1> .20E:
    90 00000158 8B5E0A              <1>     mov     bx, [bp + 10]
    91                              <1> .30L:
    92 0000015B BA0000              <1>     mov     dx, 0
    93 0000015E F7F3                <1>     div     bx
    94 00000160 89D6                <1>     mov     si, dx
    95 00000162 8A94[8A01]          <1>     mov     dl, byte [.ascii+si]
    96 00000166 8815                <1>     mov     [di], dl
    97 00000168 4F                  <1>     dec     di
    98                              <1> 
    99 00000169 83F800              <1>     cmp     ax, 0
   100 0000016C E0ED                <1>     loopnz  .30L
   101                              <1> .30E:
   102                              <1> 
   103 0000016E 83F900              <1>     cmp     cx, 0
   104                              <1> .40Q:
   105 00000171 740D                <1>     je      .40E
   106 00000173 B020                <1>     mov     al, ' '
   107 00000175 837E0C04            <1>     cmp     [bp + 12], word 0b0100
   108                              <1> .42Q:
   109 00000179 7502                <1>     jne     .42E
   110 0000017B B000                <1>     mov     al, 0
   111                              <1> .42E:
   112 0000017D FD                  <1>     std
   113 0000017E F3AA                <1>     rep     stosb
   114                              <1> .40E:
   115 00000180 5F                  <1>     pop     di
   116 00000181 5E                  <1>     pop     si
   117 00000182 5A                  <1>     pop     dx
   118 00000183 59                  <1>     pop     cx
   119 00000184 5B                  <1>     pop     bx
   120 00000185 58                  <1>     pop     ax
   121                              <1> 
   122 00000186 89EC                <1>     mov     sp, bp
   123 00000188 5D                  <1>     pop     bp
   124                              <1> 
   125 00000189 C3                  <1>     ret
   126                              <1> 
   127 0000018A 303132333435363738- <1> .ascii  db  "0123456789ABCDEF"
   127 00000193 39414243444546      <1>
    46                                  %include    "../modules/real/reboot.s"
    47                              <1> reboot:
    48 0000019A 68[B601]E85BFF83C4- <1>     cdecl   puts, .s0
    48 000001A2 02                  <1>
    49                              <1> 
    50                              <1> .10L:
    51 000001A3 B410                <1>     mov     ah, 0x10
    52 000001A5 CD16                <1>     int     0x16
    53                              <1> 
    54 000001A7 3C20                <1>     cmp     al, ' '
    55 000001A9 75F8                <1>     jne     .10L
    56                              <1> 
    57 000001AB 68[D401]E84AFF83C4- <1>     cdecl   puts, .s1
    57 000001B3 02                  <1>
    58                              <1> 
    59 000001B4 CD19                <1>     int     0x19
    60                              <1> 
    61 000001B6 0A0D50757368205370- <1> .s0     db  0x0A, 0x0D, "Push Space key to reboot...", 0
    61 000001BF 616365206B65792074- <1>
    61 000001C8 6F207265626F6F742E- <1>
    61 000001D1 2E2E00              <1>
    62 000001D4 0A0D0A0D00          <1> .s1     db  0x0A, 0x0D, 0x0A, 0x0D, 0
    47                                  
    48 000001D9 00<rep 25h>                 times   510 - ($ - $$) db 0x00
    49 000001FE 55AA                        db      0x55, 0xAA
    50                                  
    51                                      
