     1                                  
     2                                  BOOT_LOAD   equ     0x7C00
     3                                  ORG         BOOT_LOAD
     4                                  
     5                                  %include    "../include/macro.s"
     6                              <1> %macro  cdecl 1-*.nolist
     7                              <1> 
     8                              <1>     %rep %0 - 1
     9                              <1>         push    %{-1:-1}
    10                              <1>         %rotate -1
    11                              <1>     %endrep
    12                              <1>     %rotate -1
    13                              <1>     call    %1
    14                              <1> 
    15                              <1>     %if 1 < %0
    16                              <1>         add     sp, (__BITS__ >> 3) * (%0 - 1)
    17                              <1>     %endif
    18                              <1> %endmacro
     6                                  entry:
     7 00000000 EB58                        jmp     ipl
     8                                  
     9 00000002 90<rep 58h>                 times   90 - ($ - $$) db 0x90
    10                                  
    11                                  ipl:
    12 0000005A FA                          cli
    13 0000005B B80000                      mov     ax, 0x0000
    14 0000005E 8ED8                        mov     ds, ax
    15 00000060 8EC0                        mov     es, ax
    16 00000062 8ED0                        mov     ss, ax
    17 00000064 BC007C                      mov     sp, BOOT_LOAD
    18 00000067 FB                          sti
    19 00000068 8816[8400]                  mov     [BOOT.DRIVE], dl
    20                                  
    21 0000006C 68[7700]E8290083C4-         cdecl   puts, .s0
    21 00000074 02                 
    22                                      
    23 00000075 EBFE                        jmp     $
    24                                  
    25 00000077 426F6F74696E672E2E-     .s0 db  "Booting...", 0x0A, 0x0D, 0
    25 00000080 2E0A0D00           
    26                                  
    27                                  ALIGN 2, db 0
    28                                  BOOT:
    29 00000084 0000                    .DRIVE:     dw  0
    30                                  
    31                                  %include    "../modules/real/putc.s"
    32                              <1> putc:
    33 00000086 55                  <1>     push    bp
    34 00000087 89E5                <1>     mov     bp, sp
    35                              <1> 
    36 00000089 50                  <1>     push    ax
    37 0000008A 53                  <1>     push    bx
    38                              <1> 
    39 0000008B 8A4604              <1>     mov     al, [bp + 4]
    40 0000008E B40E                <1>     mov     ah, 0x0E
    41 00000090 BB0000              <1>     mov     bx, 0x0000
    42 00000093 CD10                <1>     int     0x10
    43                              <1> 
    44 00000095 5B                  <1>     pop     bx
    45 00000096 58                  <1>     pop     ax
    46                              <1> 
    47 00000097 89EC                <1>     mov     sp, bp
    48 00000099 5D                  <1>     pop     bp
    49                              <1> 
    50 0000009A C3                  <1>     ret
    32                                  %include    "../modules/real/puts.s"
    33                              <1> puts:
    34 0000009B 55                  <1>     push    bp
    35 0000009C 89E5                <1>     mov     bp, sp
    36 0000009E 50                  <1>     push    ax
    37 0000009F 53                  <1>     push    bx
    38 000000A0 56                  <1>     push    si
    39                              <1> 
    40 000000A1 8B7604              <1>     mov     si, [bp + 4]
    41                              <1> 
    42 000000A4 B40E                <1>     mov     ah, 0x0E
    43 000000A6 BB0000              <1>     mov     bx, 0x0000
    44 000000A9 FC                  <1>     cld
    45                              <1> 
    46                              <1> .10L:
    47 000000AA AC                  <1>     lodsb
    48 000000AB 3C00                <1>     cmp     al, 0
    49 000000AD 7404                <1>     je      .10E
    50                              <1> 
    51 000000AF CD10                <1>     int     0x10
    52 000000B1 EBF7                <1>     jmp     .10L
    53                              <1> 
    54                              <1> .10E:
    55 000000B3 5E                  <1>     pop     si
    56 000000B4 5B                  <1>     pop     bx
    57 000000B5 58                  <1>     pop     ax
    58                              <1> 
    59 000000B6 89EC                <1>     mov     sp, bp
    60 000000B8 5D                  <1>     pop     bp
    61                              <1> 
    62 000000B9 C3                  <1>     ret
    33                                  
    34 000000BA 00<rep 144h>                times   510 - ($ - $$) db 0x00
    35 000001FE 55AA                        db      0x55, 0xAA
    36                                  
    37                                      
